
========================================================================

** ELF Header Information

    File Name: debug\demo_6.axf

    Machine class: ELFCLASS32 (32-bit)
    Data encoding: ELFDATA2LSB (Little endian)
    Header version: EV_CURRENT (Current version)
    File Type: ET_EXEC (Executable) (2)
    Machine: EM_ARM (ARM)

    Image Entry point: 0x00008000
    Flags: EF_ARM_HASENTRY + EF_ARM_SYMSARESORTED + EF_ARM_MAPSYMSFIRST (0x02000016)

    EABI conformance : ARM EABI Version 2.

    Built with
    ARM C Compiler, ADS1.2 [Build 805]
    ARM/Thumb Macro Assembler vsn ADS1.2 [Build 805]
    ARM Linker, ADS1.2 [Build 805] 

    Header size: 52 bytes (0x34)
    Program header entry size: 32 bytes (0x20)
    Section header entry size: 40 bytes (0x28)

    Program header entries: 1
    Section header entries: 15

    Program header offset: 7440 (0x00001d10)
    Section header offset: 7472 (0x00001d30)

    Section header string table index: 14

========================================================================

** Program header #0 (PT_LOAD) [PF_X + PF_W + PF_R + PF_ARM_ENTRY]
    Size : 804 bytes (780 bytes in file)
    Virtual address: 0x00008000


========================================================================

** Section #1 'ER_RO' (SHT_PROGBITS) [SHF_ALLOC + SHF_EXECINSTR]
    Size   : 780 bytes (alignment 4)
    Address: 0x00008000

    __main
    $a
    !!!
        0x00008000:    e28f8090    ....    ADD      r8,pc,#0x90 ; #0x8098
        0x00008004:    e898000f    ....    LDMIA    r8,{r0-r3}
        0x00008008:    e0800008    ....    ADD      r0,r0,r8
        0x0000800c:    e0811008    ....    ADD      r1,r1,r8
        0x00008010:    e0822008    . ..    ADD      r2,r2,r8
        0x00008014:    e0833008    .0..    ADD      r3,r3,r8
        0x00008018:    e240b001    ..@.    SUB      r11,r0,#1
        0x0000801c:    e242c001    ..B.    SUB      r12,r2,#1
    _move_region
        0x00008020:    e1500001    ..P.    CMP      r0,r1
        0x00008024:    0a00000e    ....    BEQ      _zero_region  ; 0x8064
        0x00008028:    e8b00070    p...    LDMIA    r0!,{r4-r6}
        0x0000802c:    e1540005    ..T.    CMP      r4,r5
        0x00008030:    0afffffa    ....    BEQ      _move_region  ; 0x8020
        0x00008034:    e3140001    ....    TST      r4,#1
        0x00008038:    1084400b    .@..    ADDNE    r4,r4,r11
        0x0000803c:    e3150001    ....    TST      r5,#1
        0x00008040:    1085500b    .P..    ADDNE    r5,r5,r11
        0x00008044:    e3150002    ....    TST      r5,#2
        0x00008048:    10855009    .P..    ADDNE    r5,r5,r9
        0x0000804c:    e3c55003    .P..    BIC      r5,r5,#3
    _move_loop
        0x00008050:    e2566004    .`V.    SUBS     r6,r6,#4
        0x00008054:    24947004    .p.$    LDRCS    r7,[r4],#4
        0x00008058:    24857004    .p.$    STRCS    r7,[r5],#4
        0x0000805c:    8afffffb    ....    BHI      _move_loop  ; 0x8050
        0x00008060:    eaffffee    ....    B        _move_region  ; 0x8020
    _zero_region
        0x00008064:    e1520003    ..R.    CMP      r2,r3
        0x00008068:    0b00008a    ....    BLEQ     __rt_entry  ; 0x8298
        0x0000806c:    e3a07000    .p..    MOV      r7,#0
        0x00008070:    e8b20030    0...    LDMIA    r2!,{r4,r5}
        0x00008074:    e3140001    ....    TST      r4,#1
        0x00008078:    1084400c    .@..    ADDNE    r4,r4,r12
        0x0000807c:    e3140002    ....    TST      r4,#2
        0x00008080:    10844009    .@..    ADDNE    r4,r4,r9
        0x00008084:    e3c44003    .@..    BIC      r4,r4,#3
    _zero_loop
        0x00008088:    e2555004    .PU.    SUBS     r5,r5,#4
        0x0000808c:    24847004    .p.$    STRCS    r7,[r4],#4
        0x00008090:    8afffffc    ....    BHI      _zero_loop  ; 0x8088
        0x00008094:    eafffff2    ....    B        _zero_region  ; 0x8064
    _region_table
    $d
        0x00008098:    00000238    8...    DCD    568
        0x0000809c:    0000025c    \...    DCD    604
        0x000080a0:    0000025c    \...    DCD    604
        0x000080a4:    00000274    t...    DCD    628
    f
    $a
    .text
        0x000080a8:    e3a00001    ....    MOV      r0,#1
        0x000080ac:    e1a0f00e    ....    MOV      pc,r14
    g
        0x000080b0:    e3a00002    ....    MOV      r0,#2
        0x000080b4:    e1a0f00e    ....    MOV      pc,r14
    test1
        0x000080b8:    e52de004    ..-.    STR      r14,[r13,#-4]!
        0x000080bc:    ebfffff9    ....    BL       f  ; 0x80a8
        0x000080c0:    e59f11dc    ....    LDR      r1,0x82a4
        0x000080c4:    e5911000    ....    LDR      r1,[r1,#0]
        0x000080c8:    e0800001    ....    ADD      r0,r0,r1
        0x000080cc:    e59f11d0    ....    LDR      r1,0x82a4
        0x000080d0:    e5810000    ....    STR      r0,[r1,#0]
        0x000080d4:    ebfffff5    ....    BL       g  ; 0x80b0
        0x000080d8:    e59f11c4    ....    LDR      r1,0x82a4
        0x000080dc:    e5911000    ....    LDR      r1,[r1,#0]
        0x000080e0:    e0800001    ....    ADD      r0,r0,r1
        0x000080e4:    e59f11b8    ....    LDR      r1,0x82a4
        0x000080e8:    e5810000    ....    STR      r0,[r1,#0]
        0x000080ec:    e49df004    ....    LDR      pc,[r13],#4
    test2
        0x000080f0:    e52de004    ..-.    STR      r14,[r13,#-4]!
        0x000080f4:    e59f01a8    ....    LDR      r0,0x82a4
        0x000080f8:    e5901000    ....    LDR      r1,[r0,#0]
        0x000080fc:    ebffffe9    ....    BL       f  ; 0x80a8
        0x00008100:    e0801001    ....    ADD      r1,r0,r1
        0x00008104:    ebffffe9    ....    BL       g  ; 0x80b0
        0x00008108:    e0801001    ....    ADD      r1,r0,r1
        0x0000810c:    e59f0190    ....    LDR      r0,0x82a4
        0x00008110:    e5801000    ....    STR      r1,[r0,#0]
        0x00008114:    e49df004    ....    LDR      pc,[r13],#4
    wordinc
        0x00008118:    e1a01000    ....    MOV      r1,r0
        0x0000811c:    e2810001    ....    ADD      r0,r1,#1
        0x00008120:    e1a0f00e    ....    MOV      pc,r14
    shortinc
        0x00008124:    e1a01000    ....    MOV      r1,r0
        0x00008128:    e2810001    ....    ADD      r0,r1,#1
        0x0000812c:    e1a00800    ....    MOV      r0,r0,LSL #16
        0x00008130:    e1a00840    @...    MOV      r0,r0,ASR #16
        0x00008134:    e1a0f00e    ....    MOV      pc,r14
    charinc
        0x00008138:    e1a01000    ....    MOV      r1,r0
        0x0000813c:    e2810001    ....    ADD      r0,r1,#1
        0x00008140:    e20000ff    ....    AND      r0,r0,#0xff
        0x00008144:    e1a0f00e    ....    MOV      pc,r14
    param
        0x00008148:    e1a0c000    ....    MOV      r12,r0
        0x0000814c:    e08c0001    ....    ADD      r0,r12,r1
        0x00008150:    e0800002    ....    ADD      r0,r0,r2
        0x00008154:    e0800003    ....    ADD      r0,r0,r3
        0x00008158:    e1a0f00e    ....    MOV      pc,r14
    param2
        0x0000815c:    e52de004    ..-.    STR      r14,[r13,#-4]!
        0x00008160:    e1a0e000    ....    MOV      r14,r0
        0x00008164:    e59dc004    ....    LDR      r12,[r13,#4]
        0x00008168:    e08e0001    ....    ADD      r0,r14,r1
        0x0000816c:    e0800002    ....    ADD      r0,r0,r2
        0x00008170:    e0800003    ....    ADD      r0,r0,r3
        0x00008174:    e080000c    ....    ADD      r0,r0,r12
        0x00008178:    e49df004    ....    LDR      pc,[r13],#4
    fact1
        0x0000817c:    e1a02000    . ..    MOV      r2,r0
        0x00008180:    e3a00001    ....    MOV      r0,#1
        0x00008184:    e3a01001    ....    MOV      r1,#1
        0x00008188:    e1a00000    ....    NOP      
        0x0000818c:    e1a03001    .0..    MOV      r3,r1
        0x00008190:    e2811001    ....    ADD      r1,r1,#1
        0x00008194:    e1530002    ..S.    CMP      r3,r2
        0x00008198:    aa000001    ....    BGE      0x81a4
        0x0000819c:    e0000091    ....    MUL      r0,r1,r0
        0x000081a0:    eafffff9    ....    B        0x818c
        0x000081a4:    e1a0f00e    ....    MOV      pc,r14
    fact2
        0x000081a8:    e1a02000    . ..    MOV      r2,r0
        0x000081ac:    e3a00001    ....    MOV      r0,#1
        0x000081b0:    e1a01002    ....    MOV      r1,r2
        0x000081b4:    e1a00000    ....    NOP      
        0x000081b8:    e2413001    .0A.    SUB      r3,r1,#1
        0x000081bc:    e1b01003    ....    MOVS     r1,r3
        0x000081c0:    0a000001    ....    BEQ      0x81cc
        0x000081c4:    e0000091    ....    MUL      r0,r1,r0
        0x000081c8:    eafffffa    ....    B        0x81b8
        0x000081cc:    e1a0f00e    ....    MOV      pc,r14
    main
        0x000081d0:    e92d4008    .@-.    STMFD    r13!,{r3,r14}
        0x000081d4:    e3a00001    ....    MOV      r0,#1
        0x000081d8:    e59f10c8    ....    LDR      r1,0x82a8
        0x000081dc:    e5c10000    ....    STRB     r0,[r1,#0]
        0x000081e0:    e3a00002    ....    MOV      r0,#2
        0x000081e4:    e59f10c0    ....    LDR      r1,0x82ac
        0x000081e8:    e1c100b0    ....    STRH     r0,[r1,#0]
        0x000081ec:    e3a00003    ....    MOV      r0,#3
        0x000081f0:    e59f10b8    ....    LDR      r1,0x82b0
        0x000081f4:    e5c10000    ....    STRB     r0,[r1,#0]
        0x000081f8:    e3a00004    ....    MOV      r0,#4
        0x000081fc:    e59f10b0    ....    LDR      r1,0x82b4
        0x00008200:    e5810000    ....    STR      r0,[r1,#0]
        0x00008204:    e3a0000b    ....    MOV      r0,#0xb
        0x00008208:    e59f10a8    ....    LDR      r1,0x82b8
        0x0000820c:    e5c10000    ....    STRB     r0,[r1,#0]
        0x00008210:    e3a00016    ....    MOV      r0,#0x16
        0x00008214:    e59f10a0    ....    LDR      r1,0x82bc
        0x00008218:    e1c100b0    ....    STRH     r0,[r1,#0]
        0x0000821c:    e3a00021    !...    MOV      r0,#0x21
        0x00008220:    e59f1098    ....    LDR      r1,0x82c0
        0x00008224:    e5c10000    ....    STRB     r0,[r1,#0]
        0x00008228:    e3a0002c    ,...    MOV      r0,#0x2c
        0x0000822c:    e59f1090    ....    LDR      r1,0x82c4
        0x00008230:    e5810000    ....    STR      r0,[r1,#0]
        0x00008234:    ebffff9f    ....    BL       test1  ; 0x80b8
        0x00008238:    ebffffac    ....    BL       test2  ; 0x80f0
        0x0000823c:    e59f0070    p...    LDR      r0,0x82b4
        0x00008240:    e5903000    .0..    LDR      r3,[r0,#0]
        0x00008244:    e59f0064    d...    LDR      r0,0x82b0
        0x00008248:    e5d02000    . ..    LDRB     r2,[r0,#0]
        0x0000824c:    e59f0058    X...    LDR      r0,0x82ac
        0x00008250:    e1d010f0    ....    LDRSH    r1,[r0,#0]
        0x00008254:    e59f004c    L...    LDR      r0,0x82a8
        0x00008258:    e5d00000    ....    LDRB     r0,[r0,#0]
        0x0000825c:    ebffffb9    ....    BL       param  ; 0x8148
        0x00008260:    e59f0050    P...    LDR      r0,0x82b8
        0x00008264:    e5d03000    .0..    LDRB     r3,[r0,#0]
        0x00008268:    e59f0044    D...    LDR      r0,0x82b4
        0x0000826c:    e58d3000    .0..    STR      r3,[r13,#0]
        0x00008270:    e5903000    .0..    LDR      r3,[r0,#0]
        0x00008274:    e59f0034    4...    LDR      r0,0x82b0
        0x00008278:    e5d02000    . ..    LDRB     r2,[r0,#0]
        0x0000827c:    e59f0028    (...    LDR      r0,0x82ac
        0x00008280:    e1d010f0    ....    LDRSH    r1,[r0,#0]
        0x00008284:    e59f001c    ....    LDR      r0,0x82a8
        0x00008288:    e5d00000    ....    LDRB     r0,[r0,#0]
        0x0000828c:    ebffffb2    ....    BL       param2  ; 0x815c
        0x00008290:    e3a00000    ....    MOV      r0,#0
        0x00008294:    e8bd8008    ....    LDMFD    r13!,{r3,pc}
    __rt_entry
        0x00008298:    e52de004    ..-.    STR      r14,[r13,#-4]!
        0x0000829c:    ebffffcb    ....    BL       main  ; 0x81d0
        0x000082a0:    e49df004    ....    LDR      pc,[r13],#4
    $d
        0x000082a4:    00008320     ...    DCD    33568
        0x000082a8:    0000830c    ....    DCD    33548
        0x000082ac:    0000830e    ....    DCD    33550
        0x000082b0:    00008310    ....    DCD    33552
        0x000082b4:    00008314    ....    DCD    33556
        0x000082b8:    00008318    ....    DCD    33560
        0x000082bc:    0000831a    ....    DCD    33562
        0x000082c0:    00008319    ....    DCD    33561
        0x000082c4:    0000831c    ....    DCD    33564
    _main_redirection
    $a
    .text
        0x000082c8:    e1a0f00e    ....    MOV      pc,r14
    _main
        0x000082cc:    e1a0f00e    ....    MOV      pc,r14
    Region$$Table$$Base
    $d
        0x000082d0:    00000000    ....    DCD    0
        0x000082d4:    00000000    ....    DCD    0
        0x000082d8:    00000000    ....    DCD    0
        0x000082dc:    00000000    ....    DCD    0
        0x000082e0:    00000000    ....    DCD    0
        0x000082e4:    00000000    ....    DCD    0
        0x000082e8:    00000000    ....    DCD    0
        0x000082ec:    00000000    ....    DCD    0
        0x000082f0:    00000000    ....    DCD    0
    Region$$Table$$Limit
    ZISection$$Table$$Base
        0x000082f4:    0000830c    ....    DCD    33548
        0x000082f8:    00000000    ....    DCD    0
        0x000082fc:    0000830c    ....    DCD    33548
        0x00008300:    00000000    ....    DCD    0
        0x00008304:    0000830c    ....    DCD    33548
        0x00008308:    00000018    ....    DCD    24
    ZISection$$Table$$Limit

** Section #2 'ER_ZI' (SHT_NOBITS) [SHF_ALLOC + SHF_WRITE]
    Size   : 24 bytes (alignment 4)
    Address: 0x0000830c


** Section #3 '.debug_abbrev' (SHT_PROGBITS)
    Size   : 1004 bytes


** Section #4 '.debug_frame' (SHT_PROGBITS)
    Size   : 448 bytes


** Section #5 '.debug_info' (SHT_PROGBITS)
    Size   : 1408 bytes


** Section #6 '.debug_line' (SHT_PROGBITS)
    Size   : 248 bytes


** Section #7 '.debug_loc' (SHT_PROGBITS)
    Size   : 988 bytes


** Section #8 '.debug_macinfo' (SHT_PROGBITS)
    Size   : 364 bytes


** Section #9 '.debug_pubnames' (SHT_PROGBITS)
    Size   : 232 bytes


** Section #10 '.symtab' (SHT_SYMTAB)
    Size   : 832 bytes (alignment 4)
    String table '.strtab'
    Last local symbol no. 21

    Symbol table .symtab (51 symbols, 21 local)

      #  Symbol Name                Value      Bind  Sec  Type  Size
    ========================================================================

      1  $m                         0x00000008   Lc  Abs   -- 
      2  $a                         0x00008000   Lc    1  Code
      3  $d                         0x00008098   Lc    1  Data
      4  $a                         0x000080a8   Lc    1  Code
      5  $d                         0x000082a4   Lc    1  Data
      6  $a                         0x000082c8   Lc    1  Code
      7  $d                         0x000082d0   Lc    1  Data
      8  $d                         0x0000830c   Lc    2  Data
      9  main.c                     0x00000000   Lc  Abs  File
     10  .text                      0x000080a8   Lc    1  Sect
     11  .bss                       0x0000830c   Lc    2  Sect
     12  .bss$2                     0x0000830c   Lc    2  Data
     13  ../../angel/startup.s      0x00000000   Lc  Abs  File
     14  !!!                        0x00008000   Lc    1  Sect  0xa8
     15  _move_region               0x00008020   Lc    1  Code
     16  _move_loop                 0x00008050   Lc    1  Code
     17  _zero_region               0x00008064   Lc    1  Code
     18  _zero_loop                 0x00008088   Lc    1  Code
     19  _region_table              0x00008098   Lc    1  Data
     20  ../../armsys.c             0x00000000   Lc  Abs  File
     21  .text                      0x000082c8   Lc    1  Sect
     22  BuildAttributes$$ARM_ISAv4$M$PE$A:L22$X:L11$S22$~IW$USESV6$~STKCKD$USESV7$~SHL$OSPACE$PRES8
                                    0x00000000   Gb  Abs   -- 
     23  __main                     0x00008000   Gb    1  Code  0x98
     24  f                          0x000080a8   Gb    1  Code  0x8
     25  g                          0x000080b0   Gb    1  Code  0x8
     26  test1                      0x000080b8   Gb    1  Code  0x38
     27  test2                      0x000080f0   Gb    1  Code  0x28
     28  wordinc                    0x00008118   Gb    1  Code  0xc
     29  shortinc                   0x00008124   Gb    1  Code  0x14
     30  charinc                    0x00008138   Gb    1  Code  0x10
     31  param                      0x00008148   Gb    1  Code  0x14
     32  param2                     0x0000815c   Gb    1  Code  0x20
     33  fact1                      0x0000817c   Gb    1  Code  0x2c
     34  fact2                      0x000081a8   Gb    1  Code  0x28
     35  main                       0x000081d0   Gb    1  Code  0xc8
     36  __rt_entry                 0x00008298   Gb    1  Code  0xc
     37  _main_redirection          0x000082c8   Gb    1  Code  0x4
     38  _main                      0x000082cc   Gb    1  Code  0x4
     39  Region$$Table$$Base        0x000082d0   Gb    1  Data
     40  Region$$Table$$Limit       0x000082f4   Gb    1  Data
     41  ZISection$$Table$$Base     0x000082f4   Gb    1  Data
     42  ZISection$$Table$$Limit    0x0000830c   Gb    1  Data
     43  a                          0x0000830c   Gb    2  Data  0x1
     44  b                          0x0000830e   Gb    2  Data  0x2
     45  c                          0x00008310   Gb    2  Data  0x1
     46  d                          0x00008314   Gb    2  Data  0x4
     47  a2                         0x00008318   Gb    2  Data  0x1
     48  c2                         0x00008319   Gb    2  Data  0x1
     49  b2                         0x0000831a   Gb    2  Data  0x2
     50  d2                         0x0000831c   Gb    2  Data  0x4
     51  errs                       0x00008320   Gb    2  Data  0x4


** Section #11 '.strtab' (SHT_STRTAB)
    Size   : 456 bytes

            #  Offset String
        ====================================

            1      1: $m
            2      4: $a
            3      7: $d
            4     10: main.c
            5     17: .text
            6     23: .bss
            7     28: .bss$2
            8     35: ../../angel/startup.s
            9     57: !!!
           10     61: _move_region
           11     74: _move_loop
           12     85: _zero_region
           13     98: _zero_loop
           14    109: _region_table
           15    123: ../../armsys.c
           16    138: BuildAttributes$$ARM_ISAv4$M$PE$A:L22$X:L11$S22$~IW$USESV6$~STKCKD$USESV7$~SHL$OSPACE$PRES8
           17    230: __main
           18    237: f
           19    239: g
           20    241: test1
           21    247: test2
           22    253: wordinc
           23    261: shortinc
           24    270: charinc
           25    278: param
           26    284: param2
           27    291: fact1
           28    297: fact2
           29    303: main
           30    308: __rt_entry
           31    319: _main_redirection
           32    337: _main
           33    343: Region$$Table$$Base
           34    363: Region$$Table$$Limit
           35    384: ZISection$$Table$$Base
           36    407: ZISection$$Table$$Limit
           37    431: a
           38    433: b
           39    435: c
           40    437: d
           41    439: a2
           42    442: c2
           43    445: b2
           44    448: d2
           45    451: errs


** Section #12 '.note' (SHT_NOTE)
    Size   : 24 bytes (alignment 4)


** Section #13 '.comment' (SHT_PROGBITS)
    Size   : 440 bytes


** Section #14 '.shstrtab' (SHT_STRTAB)
    Size   : 164 bytes

            #  Offset String
        ====================================

            1      1: ER_RO
            2      7: ER_RW
            3     13: ER_ZI
            4     19: ER$$Debug
            5     29: .debug_abbrev
            6     43: .debug_frame
            7     56: .debug_info
            8     68: .debug_line
            9     80: .debug_loc
           10     91: .debug_macinfo
           11    106: .debug_pubnames
           12    122: .symtab
           13    130: .strtab
           14    138: .note
           15    144: .comment
           16    153: .shstrtab
           17    163: 



========================================================================

** Object/Image Component Sizes


      Code  (inc. data)  RO Data    RW Data    ZI Data      Debug   File Name

       780        112          0          0         24       4692   debug\demo_6.axf
