
========================================================================

** ELF Header Information

    File Name: debug\demo_led.axf

    Machine class: ELFCLASS32 (32-bit)
    Data encoding: ELFDATA2LSB (Little endian)
    Header version: EV_CURRENT (Current version)
    File Type: ET_EXEC (Executable) (2)
    Machine: EM_ARM (ARM)

    Image Entry point: 0x00008000
    Flags: EF_ARM_HASENTRY + EF_ARM_SYMSARESORTED + EF_ARM_MAPSYMSFIRST (0x02000016)

    EABI conformance : ARM EABI Version 2.

    Built with
    ARM/Thumb Macro Assembler vsn ADS1.2 [Build 805]
    ARM C Compiler, ADS1.2 [Build 805]
    ARM Linker, ADS1.2 [Build 805] 

    Header size: 52 bytes (0x34)
    Program header entry size: 32 bytes (0x20)
    Section header entry size: 40 bytes (0x28)

    Program header entries: 1
    Section header entries: 15

    Program header offset: 12984 (0x000032b8)
    Section header offset: 13016 (0x000032d8)

    Section header string table index: 14

========================================================================

** Program header #0 (PT_LOAD) [PF_X + PF_W + PF_R + PF_ARM_ENTRY]
    Size : 1308 bytes (1304 bytes in file)
    Virtual address: 0x00008000


========================================================================

** Section #1 'ER_RO' (SHT_PROGBITS) [SHF_ALLOC + SHF_EXECINSTR]
    Size   : 1304 bytes (alignment 4)
    Address: 0x00008000

    __main
    $a
    !!!
        0x00008000:    e28f8090    ....    ADD      r8,pc,#0x90 ; #0x8098
        0x00008004:    e898000f    ....    LDMIA    r8,{r0-r3}
        0x00008008:    e0800008    ....    ADD      r0,r0,r8
        0x0000800c:    e0811008    ....    ADD      r1,r1,r8
        0x00008010:    e0822008    . ..    ADD      r2,r2,r8
        0x00008014:    e0833008    .0..    ADD      r3,r3,r8
        0x00008018:    e240b001    ..@.    SUB      r11,r0,#1
        0x0000801c:    e242c001    ..B.    SUB      r12,r2,#1
    _move_region
        0x00008020:    e1500001    ..P.    CMP      r0,r1
        0x00008024:    0a00000e    ....    BEQ      _zero_region  ; 0x8064
        0x00008028:    e8b00070    p...    LDMIA    r0!,{r4-r6}
        0x0000802c:    e1540005    ..T.    CMP      r4,r5
        0x00008030:    0afffffa    ....    BEQ      _move_region  ; 0x8020
        0x00008034:    e3140001    ....    TST      r4,#1
        0x00008038:    1084400b    .@..    ADDNE    r4,r4,r11
        0x0000803c:    e3150001    ....    TST      r5,#1
        0x00008040:    1085500b    .P..    ADDNE    r5,r5,r11
        0x00008044:    e3150002    ....    TST      r5,#2
        0x00008048:    10855009    .P..    ADDNE    r5,r5,r9
        0x0000804c:    e3c55003    .P..    BIC      r5,r5,#3
    _move_loop
        0x00008050:    e2566004    .`V.    SUBS     r6,r6,#4
        0x00008054:    24947004    .p.$    LDRCS    r7,[r4],#4
        0x00008058:    24857004    .p.$    STRCS    r7,[r5],#4
        0x0000805c:    8afffffb    ....    BHI      _move_loop  ; 0x8050
        0x00008060:    eaffffee    ....    B        _move_region  ; 0x8020
    _zero_region
        0x00008064:    e1520003    ..R.    CMP      r2,r3
        0x00008068:    0b000012    ....    BLEQ     __rt_entry  ; 0x80b8
        0x0000806c:    e3a07000    .p..    MOV      r7,#0
        0x00008070:    e8b20030    0...    LDMIA    r2!,{r4,r5}
        0x00008074:    e3140001    ....    TST      r4,#1
        0x00008078:    1084400c    .@..    ADDNE    r4,r4,r12
        0x0000807c:    e3140002    ....    TST      r4,#2
        0x00008080:    10844009    .@..    ADDNE    r4,r4,r9
        0x00008084:    e3c44003    .@..    BIC      r4,r4,#3
    _zero_loop
        0x00008088:    e2555004    .PU.    SUBS     r5,r5,#4
        0x0000808c:    24847004    .p.$    STRCS    r7,[r4],#4
        0x00008090:    8afffffc    ....    BHI      _zero_loop  ; 0x8088
        0x00008094:    eafffff2    ....    B        _zero_region  ; 0x8064
    _region_table
    $d
        0x00008098:    00000444    D...    DCD    1092
        0x0000809c:    00000468    h...    DCD    1128
        0x000080a0:    00000468    h...    DCD    1128
        0x000080a4:    00000480    ....    DCD    1152
    main
    $a
    .text
        0x000080a8:    e92d4008    .@-.    STMFD    r13!,{r3,r14}
        0x000080ac:    eb0000d5    ....    BL       led_test  ; 0x8408
        0x000080b0:    e3a00000    ....    MOV      r0,#0
        0x000080b4:    e8bd8008    ....    LDMFD    r13!,{r3,pc}
    __rt_entry
        0x000080b8:    eafffffa    ....    B        main  ; 0x80a8
    led_open
    .text
        0x000080bc:    e59f0188    ....    LDR      r0,0x824c
        0x000080c0:    e2801008    ....    ADD      r1,r0,#8
        0x000080c4:    e5902000    . ..    LDR      r2,[r0,#0]
        0x000080c8:    e3822b80    .+..    ORR      r2,r2,#0x20000
        0x000080cc:    e3822070    p ..    ORR      r2,r2,#0x70
        0x000080d0:    e5802000    . ..    STR      r2,[r0,#0]
        0x000080d4:    e5910000    ....    LDR      r0,[r1,#0]
        0x000080d8:    e3c00b80    ....    BIC      r0,r0,#0x20000
        0x000080dc:    e3c00070    p...    BIC      r0,r0,#0x70
        0x000080e0:    e5810000    ....    STR      r0,[r1,#0]
        0x000080e4:    e59f2164    d!..    LDR      r2,0x8250
        0x000080e8:    e3a00000    ....    MOV      r0,#0
        0x000080ec:    e3a01000    ....    MOV      r1,#0
        0x000080f0:    e7c21000    ....    STRB     r1,[r2,r0]
        0x000080f4:    e2800001    ....    ADD      r0,r0,#1
        0x000080f8:    e3500004    ..P.    CMP      r0,#4
        0x000080fc:    bafffffb    ....    BLT      0x80f0
        0x00008100:    e3a00000    ....    MOV      r0,#0
        0x00008104:    e1a0f00e    ....    MOV      pc,r14
    led_read
        0x00008108:    e3a02000    . ..    MOV      r2,#0
        0x0000810c:    e3510004    ..Q.    CMP      r1,#4
        0x00008110:    da000001    ....    BLE      0x811c
        0x00008114:    e3e00000    ....    MVN      r0,#0
        0x00008118:    e1a0f00e    ....    MOV      pc,r14
        0x0000811c:    e59fc12c    ,...    LDR      r12,0x8250
        0x00008120:    e1520001    ..R.    CMP      r2,r1
        0x00008124:    aa000003    ....    BGE      0x8138
        0x00008128:    e7dc3002    .0..    LDRB     r3,[r12,r2]
        0x0000812c:    e7c03002    .0..    STRB     r3,[r0,r2]
        0x00008130:    e2822001    . ..    ADD      r2,r2,#1
        0x00008134:    eafffff9    ....    B        0x8120
        0x00008138:    e1a00001    ....    MOV      r0,r1
        0x0000813c:    eafffff5    ....    B        0x8118
    led_write
        0x00008140:    e52de004    ..-.    STR      r14,[r13,#-4]!
        0x00008144:    e3a03000    .0..    MOV      r3,#0
        0x00008148:    e59f2104    .!..    LDR      r2,0x8254
        0x0000814c:    e3510004    ..Q.    CMP      r1,#4
        0x00008150:    da000001    ....    BLE      0x815c
        0x00008154:    e3e00000    ....    MVN      r0,#0
        0x00008158:    e49df004    ....    LDR      pc,[r13],#4
        0x0000815c:    e59fc0ec    ....    LDR      r12,0x8250
        0x00008160:    ea000031    1...    B        0x822c
        0x00008164:    e7d0e003    ....    LDRB     r14,[r0,r3]
        0x00008168:    e7cce003    ....    STRB     r14,[r12,r3]
        0x0000816c:    e3530000    ..S.    CMP      r3,#0
        0x00008170:    0a00000b    ....    BEQ      0x81a4
        0x00008174:    e3530001    ..S.    CMP      r3,#1
        0x00008178:    0a000013    ....    BEQ      0x81cc
        0x0000817c:    e3530002    ..S.    CMP      r3,#2
        0x00008180:    0a00001b    ....    BEQ      0x81f4
        0x00008184:    e3530003    ..S.    CMP      r3,#3
        0x00008188:    1a000026    &...    BNE      0x8228
        0x0000818c:    e5d0e003    ....    LDRB     r14,[r0,#3]
        0x00008190:    e35e0000    ..^.    CMP      r14,#0
        0x00008194:    0a000020     ...    BEQ      0x821c
        0x00008198:    e592e000    ....    LDR      r14,[r2,#0]
        0x0000819c:    e38eeb80    ....    ORR      r14,r14,#0x20000
        0x000081a0:    ea00001f    ....    B        0x8224
        0x000081a4:    e5d0e000    ....    LDRB     r14,[r0,#0]
        0x000081a8:    e35e0000    ..^.    CMP      r14,#0
        0x000081ac:    0a000002    ....    BEQ      0x81bc
        0x000081b0:    e592e000    ....    LDR      r14,[r2,#0]
        0x000081b4:    e38ee040    @...    ORR      r14,r14,#0x40
        0x000081b8:    ea000001    ....    B        0x81c4
        0x000081bc:    e592e000    ....    LDR      r14,[r2,#0]
        0x000081c0:    e3cee040    @...    BIC      r14,r14,#0x40
        0x000081c4:    e582e000    ....    STR      r14,[r2,#0]
        0x000081c8:    ea000016    ....    B        0x8228
        0x000081cc:    e5d0e001    ....    LDRB     r14,[r0,#1]
        0x000081d0:    e35e0000    ..^.    CMP      r14,#0
        0x000081d4:    0a000002    ....    BEQ      0x81e4
        0x000081d8:    e592e000    ....    LDR      r14,[r2,#0]
        0x000081dc:    e38ee020     ...    ORR      r14,r14,#0x20
        0x000081e0:    ea000001    ....    B        0x81ec
        0x000081e4:    e592e000    ....    LDR      r14,[r2,#0]
        0x000081e8:    e3cee020     ...    BIC      r14,r14,#0x20
        0x000081ec:    e582e000    ....    STR      r14,[r2,#0]
        0x000081f0:    ea00000c    ....    B        0x8228
        0x000081f4:    e5d0e002    ....    LDRB     r14,[r0,#2]
        0x000081f8:    e35e0000    ..^.    CMP      r14,#0
        0x000081fc:    0a000002    ....    BEQ      0x820c
        0x00008200:    e592e000    ....    LDR      r14,[r2,#0]
        0x00008204:    e38ee010    ....    ORR      r14,r14,#0x10
        0x00008208:    ea000001    ....    B        0x8214
        0x0000820c:    e592e000    ....    LDR      r14,[r2,#0]
        0x00008210:    e3cee010    ....    BIC      r14,r14,#0x10
        0x00008214:    e582e000    ....    STR      r14,[r2,#0]
        0x00008218:    ea000002    ....    B        0x8228
        0x0000821c:    e592e000    ....    LDR      r14,[r2,#0]
        0x00008220:    e3ceeb80    ....    BIC      r14,r14,#0x20000
        0x00008224:    e582e000    ....    STR      r14,[r2,#0]
        0x00008228:    e2833001    .0..    ADD      r3,r3,#1
        0x0000822c:    e1530001    ..S.    CMP      r3,r1
        0x00008230:    baffffcb    ....    BLT      0x8164
        0x00008234:    e1a00001    ....    MOV      r0,r1
        0x00008238:    eaffffc6    ....    B        0x8158
    led_ioctl
        0x0000823c:    e3a00000    ....    MOV      r0,#0
        0x00008240:    e1a0f00e    ....    MOV      pc,r14
    led_release
        0x00008244:    e3a00000    ....    MOV      r0,#0
        0x00008248:    e1a0f00e    ....    MOV      pc,r14
    $d
        0x0000824c:    03ff5000    .P..    DCD    67063808
        0x00008250:    00008518    ....    DCD    34072
        0x00008254:    03ff5008    .P..    DCD    67063816
    led_init
    $a
    .text
        0x00008258:    e92d4008    .@-.    STMFD    r13!,{r3,r14}
        0x0000825c:    ebffff96    ....    BL       led_open  ; 0x80bc
        0x00008260:    e3a00000    ....    MOV      r0,#0
        0x00008264:    e8bd8008    ....    LDMFD    r13!,{r3,pc}
    led_get_value
        0x00008268:    e92d4038    8@-.    STMFD    r13!,{r3-r5,r14}
        0x0000826c:    e3a05000    .P..    MOV      r5,#0
        0x00008270:    e3a04000    .@..    MOV      r4,#0
        0x00008274:    e3a01004    ....    MOV      r1,#4
        0x00008278:    e1a0000d    ....    MOV      r0,r13
        0x0000827c:    ebffffa1    ....    BL       led_read  ; 0x8108
        0x00008280:    e7dd0004    ....    LDRB     r0,[r13,r4]
        0x00008284:    e1855410    .T..    ORR      r5,r5,r0,LSL r4
        0x00008288:    e2844001    .@..    ADD      r4,r4,#1
        0x0000828c:    e3540004    ..T.    CMP      r4,#4
        0x00008290:    bafffffa    ....    BLT      0x8280
        0x00008294:    e1a00005    ....    MOV      r0,r5
        0x00008298:    e8bd8038    8...    LDMFD    r13!,{r3-r5,pc}
    led_set_value
        0x0000829c:    e92d4008    .@-.    STMFD    r13!,{r3,r14}
        0x000082a0:    e3a01000    ....    MOV      r1,#0
        0x000082a4:    e3a0c001    ....    MOV      r12,#1
        0x000082a8:    e110011c    ....    TST      r0,r12,LSL r1
        0x000082ac:    0a000001    ....    BEQ      0x82b8
        0x000082b0:    e3a02001    . ..    MOV      r2,#1
        0x000082b4:    ea000000    ....    B        0x82bc
        0x000082b8:    e3a02000    . ..    MOV      r2,#0
        0x000082bc:    e7cd2001    . ..    STRB     r2,[r13,r1]
        0x000082c0:    e2811001    ....    ADD      r1,r1,#1
        0x000082c4:    e3510004    ..Q.    CMP      r1,#4
        0x000082c8:    bafffff6    ....    BLT      0x82a8
        0x000082cc:    e3a01004    ....    MOV      r1,#4
        0x000082d0:    e1a0000d    ....    MOV      r0,r13
        0x000082d4:    ebffff99    ....    BL       led_write  ; 0x8140
        0x000082d8:    e3a00000    ....    MOV      r0,#0
        0x000082dc:    e8bd8008    ....    LDMFD    r13!,{r3,pc}
    led_all_light
        0x000082e0:    e92d4008    .@-.    STMFD    r13!,{r3,r14}
        0x000082e4:    e3a00000    ....    MOV      r0,#0
        0x000082e8:    e3a01001    ....    MOV      r1,#1
        0x000082ec:    e7cd1000    ....    STRB     r1,[r13,r0]
        0x000082f0:    e2800001    ....    ADD      r0,r0,#1
        0x000082f4:    e3500004    ..P.    CMP      r0,#4
        0x000082f8:    bafffffb    ....    BLT      0x82ec
        0x000082fc:    e3a01004    ....    MOV      r1,#4
        0x00008300:    e1a0000d    ....    MOV      r0,r13
        0x00008304:    ebffff8d    ....    BL       led_write  ; 0x8140
        0x00008308:    e3a00000    ....    MOV      r0,#0
        0x0000830c:    e8bd8008    ....    LDMFD    r13!,{r3,pc}
    led_all_dark
        0x00008310:    e92d4008    .@-.    STMFD    r13!,{r3,r14}
        0x00008314:    e3a00000    ....    MOV      r0,#0
        0x00008318:    e3a01000    ....    MOV      r1,#0
        0x0000831c:    e7cd1000    ....    STRB     r1,[r13,r0]
        0x00008320:    e2800001    ....    ADD      r0,r0,#1
        0x00008324:    e3500004    ..P.    CMP      r0,#4
        0x00008328:    bafffffb    ....    BLT      0x831c
        0x0000832c:    e3a01004    ....    MOV      r1,#4
        0x00008330:    e1a0000d    ....    MOV      r0,r13
        0x00008334:    ebffff81    ....    BL       led_write  ; 0x8140
        0x00008338:    e3a00000    ....    MOV      r0,#0
        0x0000833c:    e8bd8008    ....    LDMFD    r13!,{r3,pc}
    led_delay
        0x00008340:    e3a02000    . ..    MOV      r2,#0
        0x00008344:    ea000004    ....    B        0x835c
        0x00008348:    e3a01000    ....    MOV      r1,#0
        0x0000834c:    e2811001    ....    ADD      r1,r1,#1
        0x00008350:    e3510b40    @.Q.    CMP      r1,#0x10000
        0x00008354:    bafffffc    ....    BLT      0x834c
        0x00008358:    e2822001    . ..    ADD      r2,r2,#1
        0x0000835c:    e1520000    ..R.    CMP      r2,r0
        0x00008360:    bafffff8    ....    BLT      0x8348
        0x00008364:    e1a0f00e    ....    MOV      pc,r14
    led_all_blink
        0x00008368:    e92d4008    .@-.    STMFD    r13!,{r3,r14}
        0x0000836c:    ebffffe7    ....    BL       led_all_dark  ; 0x8310
        0x00008370:    e3a00064    d...    MOV      r0,#0x64
        0x00008374:    ebfffff1    ....    BL       led_delay  ; 0x8340
        0x00008378:    ebffffd8    ....    BL       led_all_light  ; 0x82e0
        0x0000837c:    e3a00064    d...    MOV      r0,#0x64
        0x00008380:    ebffffee    ....    BL       led_delay  ; 0x8340
        0x00008384:    ebffffe1    ....    BL       led_all_dark  ; 0x8310
        0x00008388:    e3a00000    ....    MOV      r0,#0
        0x0000838c:    e8bd8008    ....    LDMFD    r13!,{r3,pc}
    led_one_light
        0x00008390:    e92d4010    .@-.    STMFD    r13!,{r4,r14}
        0x00008394:    e1a04000    .@..    MOV      r4,r0
        0x00008398:    ebffffb2    ....    BL       led_get_value  ; 0x8268
        0x0000839c:    e3a01001    ....    MOV      r1,#1
        0x000083a0:    e1800411    ....    ORR      r0,r0,r1,LSL r4
        0x000083a4:    ebffffbc    ....    BL       led_set_value  ; 0x829c
        0x000083a8:    e3a00000    ....    MOV      r0,#0
        0x000083ac:    e8bd8010    ....    LDMFD    r13!,{r4,pc}
    led_one_dark
        0x000083b0:    e92d4010    .@-.    STMFD    r13!,{r4,r14}
        0x000083b4:    e1a04000    .@..    MOV      r4,r0
        0x000083b8:    ebffffaa    ....    BL       led_get_value  ; 0x8268
        0x000083bc:    e3a01001    ....    MOV      r1,#1
        0x000083c0:    e1c00411    ....    BIC      r0,r0,r1,LSL r4
        0x000083c4:    ebffffb4    ....    BL       led_set_value  ; 0x829c
        0x000083c8:    e3a00000    ....    MOV      r0,#0
        0x000083cc:    e8bd8010    ....    LDMFD    r13!,{r4,pc}
    led_one_blink
        0x000083d0:    e92d4010    .@-.    STMFD    r13!,{r4,r14}
        0x000083d4:    e1a04000    .@..    MOV      r4,r0
        0x000083d8:    e1a00004    ....    MOV      r0,r4
        0x000083dc:    ebfffff3    ....    BL       led_one_dark  ; 0x83b0
        0x000083e0:    e3a00064    d...    MOV      r0,#0x64
        0x000083e4:    ebffffd5    ....    BL       led_delay  ; 0x8340
        0x000083e8:    e1a00004    ....    MOV      r0,r4
        0x000083ec:    ebffffe7    ....    BL       led_one_light  ; 0x8390
        0x000083f0:    e3a00064    d...    MOV      r0,#0x64
        0x000083f4:    ebffffd1    ....    BL       led_delay  ; 0x8340
        0x000083f8:    e1a00004    ....    MOV      r0,r4
        0x000083fc:    ebffffeb    ....    BL       led_one_dark  ; 0x83b0
        0x00008400:    e3a00000    ....    MOV      r0,#0
        0x00008404:    e8bd8010    ....    LDMFD    r13!,{r4,pc}
    led_test
        0x00008408:    e92d4008    .@-.    STMFD    r13!,{r3,r14}
        0x0000840c:    ebffff91    ....    BL       led_init  ; 0x8258
        0x00008410:    ebffffb2    ....    BL       led_all_light  ; 0x82e0
        0x00008414:    e3a00064    d...    MOV      r0,#0x64
        0x00008418:    ebffffc8    ....    BL       led_delay  ; 0x8340
        0x0000841c:    ebffffbb    ....    BL       led_all_dark  ; 0x8310
        0x00008420:    e3a00064    d...    MOV      r0,#0x64
        0x00008424:    ebffffc5    ....    BL       led_delay  ; 0x8340
        0x00008428:    e3a00000    ....    MOV      r0,#0
        0x0000842c:    ebffffd7    ....    BL       led_one_light  ; 0x8390
        0x00008430:    e3a00064    d...    MOV      r0,#0x64
        0x00008434:    ebffffc1    ....    BL       led_delay  ; 0x8340
        0x00008438:    e3a00001    ....    MOV      r0,#1
        0x0000843c:    ebffffd3    ....    BL       led_one_light  ; 0x8390
        0x00008440:    e3a00064    d...    MOV      r0,#0x64
        0x00008444:    ebffffbd    ....    BL       led_delay  ; 0x8340
        0x00008448:    e3a00002    ....    MOV      r0,#2
        0x0000844c:    ebffffcf    ....    BL       led_one_light  ; 0x8390
        0x00008450:    e3a00064    d...    MOV      r0,#0x64
        0x00008454:    ebffffb9    ....    BL       led_delay  ; 0x8340
        0x00008458:    e3a00003    ....    MOV      r0,#3
        0x0000845c:    ebffffcb    ....    BL       led_one_light  ; 0x8390
        0x00008460:    e3a00064    d...    MOV      r0,#0x64
        0x00008464:    ebffffb5    ....    BL       led_delay  ; 0x8340
        0x00008468:    e3a00000    ....    MOV      r0,#0
        0x0000846c:    ebffffcf    ....    BL       led_one_dark  ; 0x83b0
        0x00008470:    e3a00064    d...    MOV      r0,#0x64
        0x00008474:    ebffffb1    ....    BL       led_delay  ; 0x8340
        0x00008478:    e3a00001    ....    MOV      r0,#1
        0x0000847c:    ebffffcb    ....    BL       led_one_dark  ; 0x83b0
        0x00008480:    e3a00064    d...    MOV      r0,#0x64
        0x00008484:    ebffffad    ....    BL       led_delay  ; 0x8340
        0x00008488:    e3a00002    ....    MOV      r0,#2
        0x0000848c:    ebffffc7    ....    BL       led_one_dark  ; 0x83b0
        0x00008490:    e3a00064    d...    MOV      r0,#0x64
        0x00008494:    ebffffa9    ....    BL       led_delay  ; 0x8340
        0x00008498:    e3a00003    ....    MOV      r0,#3
        0x0000849c:    ebffffc3    ....    BL       led_one_dark  ; 0x83b0
        0x000084a0:    e3a00064    d...    MOV      r0,#0x64
        0x000084a4:    ebffffa5    ....    BL       led_delay  ; 0x8340
        0x000084a8:    ebffffae    ....    BL       led_all_blink  ; 0x8368
        0x000084ac:    e3a00000    ....    MOV      r0,#0
        0x000084b0:    ebffffc6    ....    BL       led_one_blink  ; 0x83d0
        0x000084b4:    e3a00001    ....    MOV      r0,#1
        0x000084b8:    ebffffc4    ....    BL       led_one_blink  ; 0x83d0
        0x000084bc:    e3a00002    ....    MOV      r0,#2
        0x000084c0:    ebffffc2    ....    BL       led_one_blink  ; 0x83d0
        0x000084c4:    e3a00003    ....    MOV      r0,#3
        0x000084c8:    ebffffc0    ....    BL       led_one_blink  ; 0x83d0
        0x000084cc:    e3a00000    ....    MOV      r0,#0
        0x000084d0:    e8bd8008    ....    LDMFD    r13!,{r3,pc}
    _main_redirection
    .text
        0x000084d4:    e1a0f00e    ....    MOV      pc,r14
    _main
        0x000084d8:    e1a0f00e    ....    MOV      pc,r14
    Region$$Table$$Base
    $d
        0x000084dc:    00000000    ....    DCD    0
        0x000084e0:    00000000    ....    DCD    0
        0x000084e4:    00000000    ....    DCD    0
        0x000084e8:    00000000    ....    DCD    0
        0x000084ec:    00000000    ....    DCD    0
        0x000084f0:    00000000    ....    DCD    0
        0x000084f4:    00000000    ....    DCD    0
        0x000084f8:    00000000    ....    DCD    0
        0x000084fc:    00000000    ....    DCD    0
    Region$$Table$$Limit
    ZISection$$Table$$Base
        0x00008500:    00008518    ....    DCD    34072
        0x00008504:    00000000    ....    DCD    0
        0x00008508:    00008518    ....    DCD    34072
        0x0000850c:    00000000    ....    DCD    0
        0x00008510:    00008518    ....    DCD    34072
        0x00008514:    00000004    ....    DCD    4
    ZISection$$Table$$Limit

** Section #2 'ER_ZI' (SHT_NOBITS) [SHF_ALLOC + SHF_WRITE]
    Size   : 4 bytes (alignment 4)
    Address: 0x00008518


** Section #3 '.debug_abbrev' (SHT_PROGBITS)
    Size   : 1004 bytes


** Section #4 '.debug_frame' (SHT_PROGBITS)
    Size   : 716 bytes


** Section #5 '.debug_info' (SHT_PROGBITS)
    Size   : 3420 bytes


** Section #6 '.debug_line' (SHT_PROGBITS)
    Size   : 896 bytes


** Section #7 '.debug_loc' (SHT_PROGBITS)
    Size   : 1972 bytes


** Section #8 '.debug_macinfo' (SHT_PROGBITS)
    Size   : 1164 bytes


** Section #9 '.debug_pubnames' (SHT_PROGBITS)
    Size   : 368 bytes


** Section #10 '.symtab' (SHT_SYMTAB)
    Size   : 848 bytes (alignment 4)
    String table '.strtab'
    Last local symbol no. 27

    Symbol table .symtab (52 symbols, 27 local)

      #  Symbol Name                Value      Bind  Sec  Type  Size
    ========================================================================

      1  $m                         0x00000008   Lc  Abs   -- 
      2  $a                         0x00008000   Lc    1  Code
      3  $d                         0x00008098   Lc    1  Data
      4  $a                         0x000080a8   Lc    1  Code
      5  $d                         0x0000824c   Lc    1  Data
      6  $a                         0x00008258   Lc    1  Code
      7  $d                         0x000084dc   Lc    1  Data
      8  $d                         0x00008518   Lc    2  Data
      9  main.c                     0x00000000   Lc  Abs  File
     10  .text                      0x000080a8   Lc    1  Sect
     11  led_driver.c               0x00000000   Lc  Abs  File
     12  .text                      0x000080bc   Lc    1  Sect
     13  .bss                       0x00008518   Lc    2  Sect
     14  .bss$2                     0x00008518   Lc    2  Data
     15  led_status                 0x00008518   Lc    2  Data  0x4
     16  led_api.c                  0x00000000   Lc  Abs  File
     17  .text                      0x00008258   Lc    1  Sect
     18  led_delay                  0x00008340   Lc    1  Code  0x28
     19  ../../angel/startup.s      0x00000000   Lc  Abs  File
     20  !!!                        0x00008000   Lc    1  Sect  0xa8
     21  _move_region               0x00008020   Lc    1  Code
     22  _move_loop                 0x00008050   Lc    1  Code
     23  _zero_region               0x00008064   Lc    1  Code
     24  _zero_loop                 0x00008088   Lc    1  Code
     25  _region_table              0x00008098   Lc    1  Data
     26  ../../armsys.c             0x00000000   Lc  Abs  File
     27  .text                      0x000084d4   Lc    1  Sect
     28  BuildAttributes$$ARM_ISAv4$M$PE$A:L22$X:L11$S22$~IW$USESV6$~STKCKD$USESV7$~SHL$OSPACE$PRES8
                                    0x00000000   Gb  Abs   -- 
     29  __main                     0x00008000   Gb    1  Code  0x98
     30  main                       0x000080a8   Gb    1  Code  0x10
     31  __rt_entry                 0x000080b8   Gb    1  Code  0x4
     32  led_open                   0x000080bc   Gb    1  Code  0x4c
     33  led_read                   0x00008108   Gb    1  Code  0x38
     34  led_write                  0x00008140   Gb    1  Code  0xfc
     35  led_ioctl                  0x0000823c   Gb    1  Code  0x8
     36  led_release                0x00008244   Gb    1  Code  0x8
     37  led_init                   0x00008258   Gb    1  Code  0x10
     38  led_get_value              0x00008268   Gb    1  Code  0x34
     39  led_set_value              0x0000829c   Gb    1  Code  0x44
     40  led_all_light              0x000082e0   Gb    1  Code  0x30
     41  led_all_dark               0x00008310   Gb    1  Code  0x30
     42  led_all_blink              0x00008368   Gb    1  Code  0x28
     43  led_one_light              0x00008390   Gb    1  Code  0x20
     44  led_one_dark               0x000083b0   Gb    1  Code  0x20
     45  led_one_blink              0x000083d0   Gb    1  Code  0x38
     46  led_test                   0x00008408   Gb    1  Code  0xcc
     47  _main_redirection          0x000084d4   Gb    1  Code  0x4
     48  _main                      0x000084d8   Gb    1  Code  0x4
     49  Region$$Table$$Base        0x000084dc   Gb    1  Data
     50  Region$$Table$$Limit       0x00008500   Gb    1  Data
     51  ZISection$$Table$$Base     0x00008500   Gb    1  Data
     52  ZISection$$Table$$Limit    0x00008518   Gb    1  Data


** Section #11 '.strtab' (SHT_STRTAB)
    Size   : 588 bytes


** Section #12 '.note' (SHT_NOTE)
    Size   : 24 bytes (alignment 4)


** Section #13 '.comment' (SHT_PROGBITS)
    Size   : 464 bytes


** Section #14 '.shstrtab' (SHT_STRTAB)
    Size   : 164 bytes


